// Jest Snapshot v1, https://goo.gl/fbAQLP

exports[`render dropdown should render 1`] = `"div"`;
